
  .   ____          _            __ _ _
 /\\ / ___'_ __ _ _(_)_ __  __ _ \ \ \ \
( ( )\___ | '_ | '_| | '_ \/ _` | \ \ \ \
 \\/  ___)| |_)| | | | | || (_| |  ) ) ) )
  '  |____| .__|_| |_|_| |_\__, | / / / /
 =========|_|==============|___/=/_/_/_/
 :: Spring Boot ::        (v1.5.8.RELEASE)

2026-08-30 23:17:13.902  INFO 25060 --- [           main] p.e.sunatapi.SunatCpeApiApplication      : Starting SunatCpeApiApplication v1.0.0 on DESKTOP-O40JTP9 with PID 25060 (C:\Users\asusena\Documents\TRANSPORTEDECARGA\sunat-cpe-api\target\sunat-cpe-api.jar started by asusena in C:\Users\asusena\Documents\TRANSPORTEDECARGA\sunat-cpe-api)
2026-08-30 23:17:13.906  INFO 25060 --- [           main] p.e.sunatapi.SunatCpeApiApplication      : No active profile set, falling back to default profiles: default
2026-08-30 23:17:13.962  INFO 25060 --- [           main] ationConfigEmbeddedWebApplicationContext : Refreshing org.springframework.boot.context.embedded.AnnotationConfigEmbeddedWebApplicationContext@45283ce2: startup date [Sun Aug 30 23:17:13 COT 2026]; root of context hierarchy
2026-08-30 23:17:15.398  INFO 25060 --- [           main] s.b.c.e.t.TomcatEmbeddedServletContainer : Tomcat initialized with port(s): 18094 (http)
2026-08-30 23:17:15.412  INFO 25060 --- [           main] o.apache.catalina.core.StandardService   : Starting service [Tomcat]
2026-08-30 23:17:15.420  INFO 25060 --- [           main] org.apache.catalina.core.StandardEngine  : Starting Servlet Engine: Apache Tomcat/8.5.23
2026-08-30 23:17:15.524  INFO 25060 --- [ost-startStop-1] o.a.c.c.C.[Tomcat].[localhost].[/]       : Initializing Spring embedded WebApplicationContext
2026-08-30 23:17:15.524  INFO 25060 --- [ost-startStop-1] o.s.web.context.ContextLoader            : Root WebApplicationContext: initialization completed in 1566 ms
2026-08-30 23:17:15.650  INFO 25060 --- [ost-startStop-1] o.s.b.w.servlet.ServletRegistrationBean  : Mapping servlet: 'dispatcherServlet' to [/]
2026-08-30 23:17:15.654  INFO 25060 --- [ost-startStop-1] o.s.b.w.servlet.FilterRegistrationBean   : Mapping filter: 'characterEncodingFilter' to: [/*]
2026-08-30 23:17:15.654  INFO 25060 --- [ost-startStop-1] o.s.b.w.servlet.FilterRegistrationBean   : Mapping filter: 'hiddenHttpMethodFilter' to: [/*]
2026-08-30 23:17:15.654  INFO 25060 --- [ost-startStop-1] o.s.b.w.servlet.FilterRegistrationBean   : Mapping filter: 'httpPutFormContentFilter' to: [/*]
2026-08-30 23:17:15.654  INFO 25060 --- [ost-startStop-1] o.s.b.w.servlet.FilterRegistrationBean   : Mapping filter: 'requestContextFilter' to: [/*]
2026-08-30 23:17:16.006  INFO 25060 --- [           main] s.w.s.m.m.a.RequestMappingHandlerAdapter : Looking for @ControllerAdvice: org.springframework.boot.context.embedded.AnnotationConfigEmbeddedWebApplicationContext@45283ce2: startup date [Sun Aug 30 23:17:13 COT 2026]; root of context hierarchy
2026-08-30 23:17:16.098  INFO 25060 --- [           main] s.w.s.m.m.a.RequestMappingHandlerMapping : Mapped "{[/api/v1/cpe/status],methods=[POST],consumes=[application/json],produces=[application/json]}" onto public org.springframework.http.ResponseEntity<java.util.Map<java.lang.String, java.lang.Object>> pe.encarga.sunatapi.controller.CpeController.status(java.util.Map<java.lang.String, java.lang.Object>)
2026-08-30 23:17:16.100  INFO 25060 --- [           main] s.w.s.m.m.a.RequestMappingHandlerMapping : Mapped "{[/api/v1/cpe/health],methods=[POST],produces=[application/json]}" onto public org.springframework.http.ResponseEntity<java.util.Map<java.lang.String, java.lang.Object>> pe.encarga.sunatapi.controller.CpeController.health()
2026-08-30 23:17:16.100  INFO 25060 --- [           main] s.w.s.m.m.a.RequestMappingHandlerMapping : Mapped "{[/api/v1/cpe/send-base64],methods=[POST],consumes=[application/json],produces=[application/json]}" onto public org.springframework.http.ResponseEntity<java.util.Map<java.lang.String, java.lang.Object>> pe.encarga.sunatapi.controller.CpeController.sendBase64(java.util.Map<java.lang.String, java.lang.Object>)
2026-08-30 23:17:16.100  INFO 25060 --- [           main] s.w.s.m.m.a.RequestMappingHandlerMapping : Mapped "{[/api/v1/cpe/send],methods=[POST],consumes=[multipart/form-data],produces=[application/json]}" onto public org.springframework.http.ResponseEntity<java.util.Map<java.lang.String, java.lang.Object>> pe.encarga.sunatapi.controller.CpeController.send(org.springframework.web.multipart.MultipartFile,java.lang.String,java.lang.String,boolean,java.lang.String)
2026-08-30 23:17:16.100  INFO 25060 --- [           main] s.w.s.m.m.a.RequestMappingHandlerMapping : Mapped "{[/api/v1/notacredito/send-base64],methods=[POST],consumes=[application/json],produces=[application/json]}" onto public org.springframework.http.ResponseEntity<java.util.Map<java.lang.String, java.lang.Object>> pe.encarga.sunatapi.controller.NotaCreditoController.sendBase64(java.util.Map<java.lang.String, java.lang.Object>)
2026-08-30 23:17:16.102  INFO 25060 --- [           main] s.w.s.m.m.a.RequestMappingHandlerMapping : Mapped "{[/api/v1/notacredito/send],methods=[POST],consumes=[multipart/form-data],produces=[application/json]}" onto public org.springframework.http.ResponseEntity<java.util.Map<java.lang.String, java.lang.Object>> pe.encarga.sunatapi.controller.NotaCreditoController.send(org.springframework.web.multipart.MultipartFile,java.lang.Boolean)
2026-08-30 23:17:16.102  INFO 25060 --- [           main] s.w.s.m.m.a.RequestMappingHandlerMapping : Mapped "{[/error]}" onto public org.springframework.http.ResponseEntity<java.util.Map<java.lang.String, java.lang.Object>> org.springframework.boot.autoconfigure.web.BasicErrorController.error(javax.servlet.http.HttpServletRequest)
2026-08-30 23:17:16.104  INFO 25060 --- [           main] s.w.s.m.m.a.RequestMappingHandlerMapping : Mapped "{[/error],produces=[text/html]}" onto public org.springframework.web.servlet.ModelAndView org.springframework.boot.autoconfigure.web.BasicErrorController.errorHtml(javax.servlet.http.HttpServletRequest,javax.servlet.http.HttpServletResponse)
2026-08-30 23:17:16.136  INFO 25060 --- [           main] o.s.w.s.handler.SimpleUrlHandlerMapping  : Mapped URL path [/webjars/**] onto handler of type [class org.springframework.web.servlet.resource.ResourceHttpRequestHandler]
2026-08-30 23:17:16.136  INFO 25060 --- [           main] o.s.w.s.handler.SimpleUrlHandlerMapping  : Mapped URL path [/**] onto handler of type [class org.springframework.web.servlet.resource.ResourceHttpRequestHandler]
2026-08-30 23:17:16.164  INFO 25060 --- [           main] o.s.w.s.handler.SimpleUrlHandlerMapping  : Mapped URL path [/**/favicon.ico] onto handler of type [class org.springframework.web.servlet.resource.ResourceHttpRequestHandler]
2026-08-30 23:17:16.282  INFO 25060 --- [           main] o.s.j.e.a.AnnotationMBeanExporter        : Registering beans for JMX exposure on startup
2026-08-30 23:17:16.370  INFO 25060 --- [           main] s.b.c.e.t.TomcatEmbeddedServletContainer : Tomcat started on port(s): 18094 (http)
2026-08-30 23:17:16.374  INFO 25060 --- [           main] p.e.sunatapi.SunatCpeApiApplication      : Started SunatCpeApiApplication in 2.802 seconds (JVM running for 3.221)
2026-08-30 23:17:25.332  INFO 25060 --- [io-18094-exec-2] o.a.c.c.C.[Tomcat].[localhost].[/]       : Initializing Spring FrameworkServlet 'dispatcherServlet'
2026-08-30 23:17:25.332  INFO 25060 --- [io-18094-exec-2] o.s.web.servlet.DispatcherServlet        : FrameworkServlet 'dispatcherServlet': initialization started
2026-08-30 23:17:25.368  INFO 25060 --- [io-18094-exec-2] o.s.web.servlet.DispatcherServlet        : FrameworkServlet 'dispatcherServlet': initialization completed in 36 ms
2026-08-30 23:17:36.514 ERROR 25060 --- [io-18094-exec-2] p.e.sunatapi.service.grt.GrtHttpClient   : Envio GRT FAIL [BETA] duracion=10974ms http=409 mensaje=GRT devolvio HTTP 409

org.springframework.web.client.HttpClientErrorException: 409 null
	at org.springframework.web.client.DefaultResponseErrorHandler.handleError(DefaultResponseErrorHandler.java:78) ~[spring-web-4.3.12.RELEASE.jar!/:4.3.12.RELEASE]
	at org.springframework.web.client.RestTemplate.handleResponse(RestTemplate.java:700) ~[spring-web-4.3.12.RELEASE.jar!/:4.3.12.RELEASE]
	at org.springframework.web.client.RestTemplate.doExecute(RestTemplate.java:653) ~[spring-web-4.3.12.RELEASE.jar!/:4.3.12.RELEASE]
	at org.springframework.web.client.RestTemplate.execute(RestTemplate.java:628) ~[spring-web-4.3.12.RELEASE.jar!/:4.3.12.RELEASE]
	at org.springframework.web.client.RestTemplate.exchange(RestTemplate.java:549) ~[spring-web-4.3.12.RELEASE.jar!/:4.3.12.RELEASE]
	at pe.encarga.sunatapi.service.grt.GrtHttpClient.envioSunat(GrtHttpClient.java:68) ~[classes!/:1.0.0]
	at pe.encarga.sunatapi.service.NotaCreditoSendService.send(NotaCreditoSendService.java:48) [classes!/:1.0.0]
	at pe.encarga.sunatapi.controller.NotaCreditoController.send(NotaCreditoController.java:63) [classes!/:1.0.0]
	at sun.reflect.NativeMethodAccessorImpl.invoke0(Native Method) ~[na:1.8.0_482]
	at sun.reflect.NativeMethodAccessorImpl.invoke(NativeMethodAccessorImpl.java:62) ~[na:1.8.0_482]
	at sun.reflect.DelegatingMethodAccessorImpl.invoke(DelegatingMethodAccessorImpl.java:43) ~[na:1.8.0_482]
	at java.lang.reflect.Method.invoke(Method.java:498) ~[na:1.8.0_482]
	at org.springframework.web.method.support.InvocableHandlerMethod.doInvoke(InvocableHandlerMethod.java:205) [spring-web-4.3.12.RELEASE.jar!/:4.3.12.RELEASE]
	at org.springframework.web.method.support.InvocableHandlerMethod.invokeForRequest(InvocableHandlerMethod.java:133) [spring-web-4.3.12.RELEASE.jar!/:4.3.12.RELEASE]
	at org.springframework.web.servlet.mvc.method.annotation.ServletInvocableHandlerMethod.invokeAndHandle(ServletInvocableHandlerMethod.java:97) [spring-webmvc-4.3.12.RELEASE.jar!/:4.3.12.RELEASE]
	at org.springframework.web.servlet.mvc.method.annotation.RequestMappingHandlerAdapter.invokeHandlerMethod(RequestMappingHandlerAdapter.java:827) [spring-webmvc-4.3.12.RELEASE.jar!/:4.3.12.RELEASE]
	at org.springframework.web.servlet.mvc.method.annotation.RequestMappingHandlerAdapter.handleInternal(RequestMappingHandlerAdapter.java:738) [spring-webmvc-4.3.12.RELEASE.jar!/:4.3.12.RELEASE]
	at org.springframework.web.servlet.mvc.method.AbstractHandlerMethodAdapter.handle(AbstractHandlerMethodAdapter.java:85) [spring-webmvc-4.3.12.RELEASE.jar!/:4.3.12.RELEASE]
	at org.springframework.web.servlet.DispatcherServlet.doDispatch(DispatcherServlet.java:967) [spring-webmvc-4.3.12.RELEASE.jar!/:4.3.12.RELEASE]
	at org.springframework.web.servlet.DispatcherServlet.doService(DispatcherServlet.java:901) [spring-webmvc-4.3.12.RELEASE.jar!/:4.3.12.RELEASE]
	at org.springframework.web.servlet.FrameworkServlet.processRequest(FrameworkServlet.java:970) [spring-webmvc-4.3.12.RELEASE.jar!/:4.3.12.RELEASE]
	at org.springframework.web.servlet.FrameworkServlet.doPost(FrameworkServlet.java:872) [spring-webmvc-4.3.12.RELEASE.jar!/:4.3.12.RELEASE]
	at javax.servlet.http.HttpServlet.service(HttpServlet.java:707) [javax.servlet-api-3.1.0.jar!/:3.1.0]
	at org.springframework.web.servlet.FrameworkServlet.service(FrameworkServlet.java:846) [spring-webmvc-4.3.12.RELEASE.jar!/:4.3.12.RELEASE]
	at javax.servlet.http.HttpServlet.service(HttpServlet.java:790) [javax.servlet-api-3.1.0.jar!/:3.1.0]
	at org.apache.catalina.core.ApplicationFilterChain.internalDoFilter(ApplicationFilterChain.java:231) [tomcat-embed-core-8.5.23.jar!/:8.5.23]
	at org.apache.catalina.core.ApplicationFilterChain.doFilter(ApplicationFilterChain.java:166) [tomcat-embed-core-8.5.23.jar!/:8.5.23]
	at org.apache.tomcat.websocket.server.WsFilter.doFilter(WsFilter.java:52) [tomcat-embed-websocket-8.5.23.jar!/:8.5.23]
	at org.apache.catalina.core.ApplicationFilterChain.internalDoFilter(ApplicationFilterChain.java:193) [tomcat-embed-core-8.5.23.jar!/:8.5.23]
	at org.apache.catalina.core.ApplicationFilterChain.doFilter(ApplicationFilterChain.java:166) [tomcat-embed-core-8.5.23.jar!/:8.5.23]
	at org.springframework.web.filter.RequestContextFilter.doFilterInternal(RequestContextFilter.java:99) [spring-web-4.3.12.RELEASE.jar!/:4.3.12.RELEASE]
	at org.springframework.web.filter.OncePerRequestFilter.doFilter(OncePerRequestFilter.java:107) [spring-web-4.3.12.RELEASE.jar!/:4.3.12.RELEASE]
	at org.apache.catalina.core.ApplicationFilterChain.internalDoFilter(ApplicationFilterChain.java:193) [tomcat-embed-core-8.5.23.jar!/:8.5.23]
	at org.apache.catalina.core.ApplicationFilterChain.doFilter(ApplicationFilterChain.java:166) [tomcat-embed-core-8.5.23.jar!/:8.5.23]
	at org.springframework.web.filter.HttpPutFormContentFilter.doFilterInternal(HttpPutFormContentFilter.java:108) [spring-web-4.3.12.RELEASE.jar!/:4.3.12.RELEASE]
	at org.springframework.web.filter.OncePerRequestFilter.doFilter(OncePerRequestFilter.java:107) [spring-web-4.3.12.RELEASE.jar!/:4.3.12.RELEASE]
	at org.apache.catalina.core.ApplicationFilterChain.internalDoFilter(ApplicationFilterChain.java:193) [tomcat-embed-core-8.5.23.jar!/:8.5.23]
	at org.apache.catalina.core.ApplicationFilterChain.doFilter(ApplicationFilterChain.java:166) [tomcat-embed-core-8.5.23.jar!/:8.5.23]
	at org.springframework.web.filter.HiddenHttpMethodFilter.doFilterInternal(HiddenHttpMethodFilter.java:81) [spring-web-4.3.12.RELEASE.jar!/:4.3.12.RELEASE]
	at org.springframework.web.filter.OncePerRequestFilter.doFilter(OncePerRequestFilter.java:107) [spring-web-4.3.12.RELEASE.jar!/:4.3.12.RELEASE]
	at org.apache.catalina.core.ApplicationFilterChain.internalDoFilter(ApplicationFilterChain.java:193) [tomcat-embed-core-8.5.23.jar!/:8.5.23]
	at org.apache.catalina.core.ApplicationFilterChain.doFilter(ApplicationFilterChain.java:166) [tomcat-embed-core-8.5.23.jar!/:8.5.23]
	at org.springframework.web.filter.CharacterEncodingFilter.doFilterInternal(CharacterEncodingFilter.java:197) [spring-web-4.3.12.RELEASE.jar!/:4.3.12.RELEASE]
	at org.springframework.web.filter.OncePerRequestFilter.doFilter(OncePerRequestFilter.java:107) [spring-web-4.3.12.RELEASE.jar!/:4.3.12.RELEASE]
	at org.apache.catalina.core.ApplicationFilterChain.internalDoFilter(ApplicationFilterChain.java:193) [tomcat-embed-core-8.5.23.jar!/:8.5.23]
	at org.apache.catalina.core.ApplicationFilterChain.doFilter(ApplicationFilterChain.java:166) [tomcat-embed-core-8.5.23.jar!/:8.5.23]
	at org.apache.catalina.core.StandardWrapperValve.invoke(StandardWrapperValve.java:199) [tomcat-embed-core-8.5.23.jar!/:8.5.23]
	at org.apache.catalina.core.StandardContextValve.invoke(StandardContextValve.java:96) [tomcat-embed-core-8.5.23.jar!/:8.5.23]
	at org.apache.catalina.authenticator.AuthenticatorBase.invoke(AuthenticatorBase.java:478) [tomcat-embed-core-8.5.23.jar!/:8.5.23]
	at org.apache.catalina.core.StandardHostValve.invoke(StandardHostValve.java:140) [tomcat-embed-core-8.5.23.jar!/:8.5.23]
	at org.apache.catalina.valves.ErrorReportValve.invoke(ErrorReportValve.java:81) [tomcat-embed-core-8.5.23.jar!/:8.5.23]
	at org.apache.catalina.core.StandardEngineValve.invoke(StandardEngineValve.java:87) [tomcat-embed-core-8.5.23.jar!/:8.5.23]
	at org.apache.catalina.connector.CoyoteAdapter.service(CoyoteAdapter.java:342) [tomcat-embed-core-8.5.23.jar!/:8.5.23]
	at org.apache.coyote.http11.Http11Processor.service(Http11Processor.java:803) [tomcat-embed-core-8.5.23.jar!/:8.5.23]
	at org.apache.coyote.AbstractProcessorLight.process(AbstractProcessorLight.java:66) [tomcat-embed-core-8.5.23.jar!/:8.5.23]
	at org.apache.coyote.AbstractProtocol$ConnectionHandler.process(AbstractProtocol.java:868) [tomcat-embed-core-8.5.23.jar!/:8.5.23]
	at org.apache.tomcat.util.net.NioEndpoint$SocketProcessor.doRun(NioEndpoint.java:1459) [tomcat-embed-core-8.5.23.jar!/:8.5.23]
	at org.apache.tomcat.util.net.SocketProcessorBase.run(SocketProcessorBase.java:49) [tomcat-embed-core-8.5.23.jar!/:8.5.23]
	at java.util.concurrent.ThreadPoolExecutor.runWorker(ThreadPoolExecutor.java:1149) [na:1.8.0_482]
	at java.util.concurrent.ThreadPoolExecutor$Worker.run(ThreadPoolExecutor.java:624) [na:1.8.0_482]
	at org.apache.tomcat.util.threads.TaskThread$WrappingRunnable.run(TaskThread.java:61) [tomcat-embed-core-8.5.23.jar!/:8.5.23]
	at java.lang.Thread.run(Thread.java:750) [na:1.8.0_482]

2026-08-30 23:17:36.514  WARN 25060 --- [io-18094-exec-2] p.e.s.service.NotaCreditoSendService     : Envio NC FAIL [BETA] archivo=20600520033-07-F001-00000001.xml error=GRT_HTTP_ERROR mensaje=GRT devolvio HTTP 409
