
  .   ____          _            __ _ _
 /\\ / ___'_ __ _ _(_)_ __  __ _ \ \ \ \
( ( )\___ | '_ | '_| | '_ \/ _` | \ \ \ \
 \\/  ___)| |_)| | | | | || (_| |  ) ) ) )
  '  |____| .__|_| |_|_| |_\__, | / / / /
 =========|_|==============|___/=/_/_/_/
 :: Spring Boot ::        (v1.5.8.RELEASE)

2026-08-30 23:16:49.373  INFO 11724 --- [           main] p.e.sunatapi.SunatCpeApiApplication      : Starting SunatCpeApiApplication v1.0.0 on DESKTOP-O40JTP9 with PID 11724 (C:\Users\asusena\Documents\TRANSPORTEDECARGA\sunat-cpe-api\target\sunat-cpe-api.jar started by asusena in C:\Users\asusena\Documents\TRANSPORTEDECARGA\sunat-cpe-api)
2026-08-30 23:16:49.379  INFO 11724 --- [           main] p.e.sunatapi.SunatCpeApiApplication      : No active profile set, falling back to default profiles: default
2026-08-30 23:16:49.424  INFO 11724 --- [           main] ationConfigEmbeddedWebApplicationContext : Refreshing org.springframework.boot.context.embedded.AnnotationConfigEmbeddedWebApplicationContext@45283ce2: startup date [Sun Aug 30 23:16:49 COT 2026]; root of context hierarchy
2026-08-30 23:16:50.776  INFO 11724 --- [           main] s.b.c.e.t.TomcatEmbeddedServletContainer : Tomcat initialized with port(s): 18093 (http)
2026-08-30 23:16:50.786  INFO 11724 --- [           main] o.apache.catalina.core.StandardService   : Starting service [Tomcat]
2026-08-30 23:16:50.788  INFO 11724 --- [           main] org.apache.catalina.core.StandardEngine  : Starting Servlet Engine: Apache Tomcat/8.5.23
2026-08-30 23:16:50.887  INFO 11724 --- [ost-startStop-1] o.a.c.c.C.[Tomcat].[localhost].[/]       : Initializing Spring embedded WebApplicationContext
2026-08-30 23:16:50.887  INFO 11724 --- [ost-startStop-1] o.s.web.context.ContextLoader            : Root WebApplicationContext: initialization completed in 1464 ms
2026-08-30 23:16:51.019  INFO 11724 --- [ost-startStop-1] o.s.b.w.servlet.ServletRegistrationBean  : Mapping servlet: 'dispatcherServlet' to [/]
2026-08-30 23:16:51.020  INFO 11724 --- [ost-startStop-1] o.s.b.w.servlet.FilterRegistrationBean   : Mapping filter: 'characterEncodingFilter' to: [/*]
2026-08-30 23:16:51.022  INFO 11724 --- [ost-startStop-1] o.s.b.w.servlet.FilterRegistrationBean   : Mapping filter: 'hiddenHttpMethodFilter' to: [/*]
2026-08-30 23:16:51.022  INFO 11724 --- [ost-startStop-1] o.s.b.w.servlet.FilterRegistrationBean   : Mapping filter: 'httpPutFormContentFilter' to: [/*]
2026-08-30 23:16:51.022  INFO 11724 --- [ost-startStop-1] o.s.b.w.servlet.FilterRegistrationBean   : Mapping filter: 'requestContextFilter' to: [/*]
2026-08-30 23:16:51.346  INFO 11724 --- [           main] s.w.s.m.m.a.RequestMappingHandlerAdapter : Looking for @ControllerAdvice: org.springframework.boot.context.embedded.AnnotationConfigEmbeddedWebApplicationContext@45283ce2: startup date [Sun Aug 30 23:16:49 COT 2026]; root of context hierarchy
2026-08-30 23:16:51.423  INFO 11724 --- [           main] s.w.s.m.m.a.RequestMappingHandlerMapping : Mapped "{[/api/v1/cpe/status],methods=[POST],consumes=[application/json],produces=[application/json]}" onto public org.springframework.http.ResponseEntity<java.util.Map<java.lang.String, java.lang.Object>> pe.encarga.sunatapi.controller.CpeController.status(java.util.Map<java.lang.String, java.lang.Object>)
2026-08-30 23:16:51.424  INFO 11724 --- [           main] s.w.s.m.m.a.RequestMappingHandlerMapping : Mapped "{[/api/v1/cpe/health],methods=[POST],produces=[application/json]}" onto public org.springframework.http.ResponseEntity<java.util.Map<java.lang.String, java.lang.Object>> pe.encarga.sunatapi.controller.CpeController.health()
2026-08-30 23:16:51.424  INFO 11724 --- [           main] s.w.s.m.m.a.RequestMappingHandlerMapping : Mapped "{[/api/v1/cpe/send],methods=[POST],consumes=[multipart/form-data],produces=[application/json]}" onto public org.springframework.http.ResponseEntity<java.util.Map<java.lang.String, java.lang.Object>> pe.encarga.sunatapi.controller.CpeController.send(org.springframework.web.multipart.MultipartFile,java.lang.String,java.lang.String,boolean,java.lang.String)
2026-08-30 23:16:51.425  INFO 11724 --- [           main] s.w.s.m.m.a.RequestMappingHandlerMapping : Mapped "{[/api/v1/cpe/send-base64],methods=[POST],consumes=[application/json],produces=[application/json]}" onto public org.springframework.http.ResponseEntity<java.util.Map<java.lang.String, java.lang.Object>> pe.encarga.sunatapi.controller.CpeController.sendBase64(java.util.Map<java.lang.String, java.lang.Object>)
2026-08-30 23:16:51.426  INFO 11724 --- [           main] s.w.s.m.m.a.RequestMappingHandlerMapping : Mapped "{[/api/v1/notacredito/send],methods=[POST],consumes=[multipart/form-data],produces=[application/json]}" onto public org.springframework.http.ResponseEntity<java.util.Map<java.lang.String, java.lang.Object>> pe.encarga.sunatapi.controller.NotaCreditoController.send(org.springframework.web.multipart.MultipartFile,java.lang.Boolean)
2026-08-30 23:16:51.426  INFO 11724 --- [           main] s.w.s.m.m.a.RequestMappingHandlerMapping : Mapped "{[/api/v1/notacredito/send-base64],methods=[POST],consumes=[application/json],produces=[application/json]}" onto public org.springframework.http.ResponseEntity<java.util.Map<java.lang.String, java.lang.Object>> pe.encarga.sunatapi.controller.NotaCreditoController.sendBase64(java.util.Map<java.lang.String, java.lang.Object>)
2026-08-30 23:16:51.426  INFO 11724 --- [           main] s.w.s.m.m.a.RequestMappingHandlerMapping : Mapped "{[/error]}" onto public org.springframework.http.ResponseEntity<java.util.Map<java.lang.String, java.lang.Object>> org.springframework.boot.autoconfigure.web.BasicErrorController.error(javax.servlet.http.HttpServletRequest)
2026-08-30 23:16:51.428  INFO 11724 --- [           main] s.w.s.m.m.a.RequestMappingHandlerMapping : Mapped "{[/error],produces=[text/html]}" onto public org.springframework.web.servlet.ModelAndView org.springframework.boot.autoconfigure.web.BasicErrorController.errorHtml(javax.servlet.http.HttpServletRequest,javax.servlet.http.HttpServletResponse)
2026-08-30 23:16:51.458  INFO 11724 --- [           main] o.s.w.s.handler.SimpleUrlHandlerMapping  : Mapped URL path [/webjars/**] onto handler of type [class org.springframework.web.servlet.resource.ResourceHttpRequestHandler]
2026-08-30 23:16:51.462  INFO 11724 --- [           main] o.s.w.s.handler.SimpleUrlHandlerMapping  : Mapped URL path [/**] onto handler of type [class org.springframework.web.servlet.resource.ResourceHttpRequestHandler]
2026-08-30 23:16:51.488  INFO 11724 --- [           main] o.s.w.s.handler.SimpleUrlHandlerMapping  : Mapped URL path [/**/favicon.ico] onto handler of type [class org.springframework.web.servlet.resource.ResourceHttpRequestHandler]
2026-08-30 23:16:51.577  INFO 11724 --- [           main] o.s.j.e.a.AnnotationMBeanExporter        : Registering beans for JMX exposure on startup
2026-08-30 23:16:51.646  INFO 11724 --- [           main] s.b.c.e.t.TomcatEmbeddedServletContainer : Tomcat started on port(s): 18093 (http)
2026-08-30 23:16:51.651  INFO 11724 --- [           main] p.e.sunatapi.SunatCpeApiApplication      : Started SunatCpeApiApplication in 2.599 seconds (JVM running for 2.998)
